

--- New Search: 2025-03-10 00:35:11 ---
Starting point: Most recent messages

Batch results (messages before None):
[2024-11-28 17:18:33]: No Intermezzo
Batch results (messages before 2024-10-29 09:15:37+00:00):
[2024-10-05 09:24:49]: At Mayday
Batch results (messages before 2024-08-11 09:41:28+00:00):
[2024-07-19 19:36:05]: Rebekka Emerson
Batch results (messages before 2024-07-03 19:48:45+00:00):
Batch results (messages before 2024-01-12 20:25:44+00:00):
[2023-12-11 12:10:01]: Jesus Christ
[2023-11-23 06:25:57]: Jesus Christ
[2023-10-18 15:54:37]: Sonnige Regentage
Batch results (messages before 2023-09-16 18:06:27+00:00):
[2023-09-05 15:49:23]: Outside Abstellraum
[2023-07-25 17:08:23]: Which City
Batch results (messages before 2023-06-08 09:32:49+00:00):
[2023-04-21 20:51:26]: Whiskey Coke
Batch results (messages before 2022-11-10 12:16:34+00:00):
[2022-08-13 18:30:34]: Hey Sean
Batch results (messages before 2022-07-18 18:17:51+00:00):
Batch results (messages before 2022-05-04 11:34:43+00:00):
[2022-04-25 11:28:43]: In Rheine
[2022-04-10 19:40:01]: With Pia

Search summary: Checked 5000 messages total.
Total name-only messages found: 12

Unique names found (11):
- At Mayday
- Hey Sean
- In Rheine
- Jesus Christ
- No Intermezzo
- Outside Abstellraum
- Rebekka Emerson
- Sonnige Regentage
- Which City
- Whiskey Coke
- With Pia


--- New Search: 2025-03-10 00:36:00 ---
Starting point: 2022-04-07 00:00:00

Batch results (messages before 2022-04-07 00:00:00):
Batch results (messages before 2022-03-18 15:22:01+00:00):
[2021-11-26 15:10:38]: New Variant
Batch results (messages before 2021-11-22 13:46:52+00:00):
[2021-08-26 12:58:38]: Every Thursday
Batch results (messages before 2021-07-11 13:40:02+00:00):
[2021-07-03 10:45:30]: Now Mom
Batch results (messages before 2021-02-17 14:05:48+00:00):
Batch results (messages before 2020-06-05 16:41:31+00:00):
Batch results (messages before 2020-02-01 16:15:16+00:00):
Batch results (messages before 2019-12-15 18:23:19+00:00):
[2019-11-28 07:20:28]: Of Detroit
Batch results (messages before 2019-11-05 20:14:00+00:00):
[2019-10-04 17:07:03]: At Oma
Batch results (messages before 2019-09-04 23:03:18+00:00):

Search summary: Checked 5000 messages total.
Total name-only messages found: 5

Unique names found (5):
- At Oma
- Every Thursday
- New Variant
- Now Mom
- Of Detroit


--- New Search: 2025-03-10 00:37:03 ---
Starting point: 2019-06-28 00:00:00

Batch results (messages before 2019-06-28 00:00:00):
[2019-06-01 10:11:04]: Ask Andi
[2019-05-03 15:13:54]: Organizing Catering
Batch results (messages before 2019-05-01 17:15:25+00:00):
[2019-04-23 19:34:59]: The Challenge
[2019-04-11 08:48:43]: Payday Wednesday
[2019-03-21 12:59:46]: James Gunn
Batch results (messages before 2019-03-13 12:31:36+00:00):
[2019-02-07 10:56:37]: Your Website
[2018-12-30 11:11:57]: Good Thinking
Batch results (messages before 2018-12-24 23:19:00+00:00):
[2018-12-19 20:57:54]: My Vagina
Batch results (messages before 2018-12-15 15:08:26+00:00):
[2018-11-21 12:22:09]: Dont Tell
[2018-11-14 11:27:24]: Vomiting Emoji
Batch results (messages before 2018-10-02 07:23:56+00:00):
Batch results (messages before 2018-08-28 13:26:44+00:00):
[2018-08-27 11:38:08]: After Lidl
Batch results (messages before 2018-07-25 11:50:28+00:00):
Batch results (messages before 2018-05-25 10:20:23+00:00):
Batch results (messages before 2018-04-10 13:53:52+00:00):
[2018-03-19 14:46:34]: With Topology
[2018-03-19 11:17:09]: Gillian Carney
[2018-03-01 07:14:39]: Fucking Facebook

Search summary: Checked 5000 messages total.
Total name-only messages found: 14

Unique names found (14):
- After Lidl
- Ask Andi
- Dont Tell
- Fucking Facebook
- Gillian Carney
- Good Thinking
- James Gunn
- My Vagina
- Organizing Catering
- Payday Wednesday
- The Challenge
- Vomiting Emoji
- With Topology
- Your Website


--- New Search: 2025-04-03 16:06:32 ---
Starting point: 2018-02-23 00:00:00

Batch results (messages before 2018-02-23 00:00:00):
Batch results (messages before 2017-12-22 21:35:41+00:00):
Batch results (messages before 2017-11-14 20:30:38+00:00):
Batch results (messages before 2017-10-23 19:13:49+00:00):
[2017-10-04 18:15:42]: At Countdown
Batch results (messages before 2017-09-27 22:09:54+00:00):
[2017-09-08 12:15:24]: Mumme Teterow
