

--- New Search: 2025-05-07 18:58:13 ---
Starting point: 2017-08-19 00:00:00

Batch results (messages before 2017-08-19 00:00:00):
Batch results (messages before 2017-07-26 15:16:18+00:00):
Batch results (messages before 2017-06-09 20:02:04+00:00):
[2017-06-07 14:56:55]: 0545980490
Batch results (messages before 2017-05-19 22:32:19+00:00):
Batch results (messages before 2017-04-21 17:19:31+00:00):


--- New Search: 2025-05-07 19:09:01 ---
Starting point: 2017-03-31 00:00:00

Batch results (messages before 2017-03-31 00:00:00):
[2017-03-29 21:18:33]: 054599390054
[2017-03-13 18:33:11]: 48208
[2017-03-13 18:24:37]: 4137 commonwealth?
Batch results (messages before 2017-03-06 20:13:39+00:00):
Batch results (messages before 2017-02-14 12:16:59+00:00):
Batch results (messages before 2017-01-26 20:55:10+00:00):
Batch results (messages before 2017-01-10 20:15:58+00:00):
Batch results (messages before 2016-12-14 16:07:25+00:00):
Batch results (messages before 2016-11-25 21:20:01+00:00):
Batch results (messages before 2016-11-15 13:44:33+00:00):
Batch results (messages before 2016-11-03 19:39:23+00:00):
Batch results (messages before 2016-10-28 12:31:10+00:00):

Search summary: Checked 5000 messages total.
Total name-only messages found: 3

Unique names found (3):
- 054599390054
- 4137 commonwealth?
- 48208


--- New Search: 2025-05-07 19:11:10 ---
Starting point: 2025-05-07 19:11:08.593435

Batch results (messages before 2025-05-07 19:11:08.593435):
[2025-04-23 18:07:07]: 6470
[2025-03-31 14:58:45]: 0815
[2024-12-30 20:33:22]: 8920 LaSalle Blvd. See you soon ish!
Batch results (messages before 2024-12-01 18:44:45+00:00):
[2024-10-26 15:26:46]: 4527 commonwealth street is andersons address.
[2024-10-07 16:32:24]: 1856 according to Google if my train isn't more delayed.
Batch results (messages before 2024-09-27 14:51:09+00:00):
Batch results (messages before 2024-07-29 20:34:48+00:00):
Batch results (messages before 2024-03-12 04:03:06+00:00):
[2023-11-05 12:55:13]: 1711
Batch results (messages before 2023-10-20 15:47:21+00:00):
Batch results (messages before 2023-07-23 09:42:25+00:00):
Batch results (messages before 2022-12-14 11:15:58+00:00):
[2022-10-15 16:23:23]: 0470
Batch results (messages before 2022-08-20 16:36:32+00:00):
[2022-08-04 10:48:46]: 1330 ish
Batch results (messages before 2022-05-14 23:37:18+00:00):
[2022-05-04 06:21:28]: 1015, not 1030.

Search summary: Checked 5000 messages total.
Total name-only messages found: 9

Unique names found (9):
- 0470
- 0815
- 1015, not 1030.
- 1330 ish
- 1711
- 1856 according to Google if my train isn't more delayed.
- 4527 commonwealth street is andersons address.
- 6470
- 8920 LaSalle Blvd. See you soon ish!


--- New Search: 2025-07-01 00:12:52 ---
Starting point: 2025-07-01 00:12:50.994982

Batch results (messages before 2025-07-01 00:12:50.994982):
Batch results (messages before 2024-12-27 23:59:57+00:00):
Batch results (messages before 2024-10-04 04:03:42+00:00):
Batch results (messages before 2024-07-31 19:51:41+00:00):
Batch results (messages before 2024-04-05 22:35:40+00:00):
Batch results (messages before 2023-11-23 06:25:49+00:00):
Batch results (messages before 2023-08-02 14:31:09+00:00):
Batch results (messages before 2023-02-27 12:14:19+00:00):
Batch results (messages before 2022-09-01 08:40:13+00:00):
Batch results (messages before 2022-05-30 16:47:37+00:00):

Search summary: Checked 5000 messages total.
Total name-only messages found: 0

Unique names found (0):


--- New Search: 2025-07-01 00:25:27 ---
Starting point: 2025-07-01 00:25:26.200847

Batch results (messages before 2025-07-01 00:25:26.200847):
Batch results (messages before 2024-12-27 23:59:57+00:00):
Batch results (messages before 2024-10-04 04:03:42+00:00):
Batch results (messages before 2024-07-31 19:51:41+00:00):
Batch results (messages before 2024-04-05 22:35:40+00:00):
Batch results (messages before 2023-11-23 06:25:49+00:00):
Batch results (messages before 2023-08-02 14:31:09+00:00):
Batch results (messages before 2023-02-27 12:14:19+00:00):
Batch results (messages before 2022-09-01 08:40:13+00:00):
Batch results (messages before 2022-05-30 16:47:37+00:00):

Search summary: Checked 5000 messages total.
Total name-only messages found: 0

Unique names found (0):


--- New Search: 2025-07-01 00:28:48 ---
Starting point: 2025-07-01 00:28:47.107310

Batch results (messages before 2025-07-01 00:28:47.107310):
Batch results (messages before 2024-12-27 23:59:57+00:00):
Batch results (messages before 2024-10-04 04:03:42+00:00):
Batch results (messages before 2024-07-31 19:51:41+00:00):
Batch results (messages before 2024-04-05 22:35:40+00:00):
Batch results (messages before 2023-11-23 06:25:49+00:00):
Batch results (messages before 2023-08-02 14:31:09+00:00):
Batch results (messages before 2023-02-27 12:14:19+00:00):
Batch results (messages before 2022-09-01 08:40:13+00:00):
Batch results (messages before 2022-05-30 16:47:37+00:00):

Search summary: Checked 5000 messages total.
Total name-only messages found: 0

Unique names found (0):


--- New Search: 2025-07-01 00:31:48 ---
Starting point: 2025-07-01 00:31:45.956674

Batch results (messages before 2025-07-01 00:31:45.956674):
Batch results (messages before 2024-12-27 23:59:57+00:00):
Batch results (messages before 2024-10-04 04:03:42+00:00):
Batch results (messages before 2024-07-31 19:51:41+00:00):
Batch results (messages before 2024-04-05 22:35:40+00:00):
Batch results (messages before 2023-11-23 06:25:49+00:00):
Batch results (messages before 2023-08-02 14:31:09+00:00):
Batch results (messages before 2023-02-27 12:14:19+00:00):
Batch results (messages before 2022-09-01 08:40:13+00:00):
Batch results (messages before 2022-05-30 16:47:37+00:00):

Search summary: Checked 5000 messages total.
Total name-only messages found: 0

Unique names found (0):


--- New Search: 2025-07-01 00:32:58 ---
Starting point: 2025-07-01 00:32:57.614012

Batch results (messages before 2025-07-01 00:32:57.614012):
Batch results (messages before 2024-12-27 23:59:57+00:00):
Batch results (messages before 2024-10-04 04:03:42+00:00):
Batch results (messages before 2024-07-31 19:51:41+00:00):
Batch results (messages before 2024-04-05 22:35:40+00:00):
Batch results (messages before 2023-11-23 06:25:49+00:00):
Batch results (messages before 2023-08-02 14:31:09+00:00):
Batch results (messages before 2023-02-27 12:14:19+00:00):
Batch results (messages before 2022-09-01 08:40:13+00:00):
Batch results (messages before 2022-05-30 16:47:37+00:00):

Search summary: Checked 5000 messages total.
Total name-only messages found: 0

Unique names found (0):


--- New Search: 2025-07-01 00:34:09 ---
Starting point: 2025-07-01 00:34:08.176484

Batch results (messages before 2025-07-01 00:34:08.176484):
Batch results (messages before 2024-12-27 23:59:57+00:00):
Batch results (messages before 2024-10-04 04:03:42+00:00):
Batch results (messages before 2024-07-31 19:51:41+00:00):
Batch results (messages before 2024-04-05 22:35:40+00:00):
Batch results (messages before 2023-11-23 06:25:49+00:00):
Batch results (messages before 2023-08-02 14:31:09+00:00):
Batch results (messages before 2023-02-27 12:14:19+00:00):
Batch results (messages before 2022-09-01 08:40:13+00:00):
Batch results (messages before 2022-05-30 16:47:37+00:00):

Search summary: Checked 5000 messages total.
Total name-only messages found: 0

Unique names found (0):
